#include <stdio.h>
#include <stddef.h>

struct EmptyType
{
};

typedef struct
{
  const char* name;
  const char* type;
  size_t offset;
  size_t size;
} FieldInfo;

int main(int argc, const char* argv[])
{
  printf("EmptyType (%zub):\n", sizeof(EmptyType));
  printf("No fields\n");
  return 0;
}
